// Jest Snapshot v1, https://goo.gl/fbAQLP

exports[`EditProductModal Snapshot renderiza corretamente 1`] = `
<div
  aria-hidden="true"
  data-aria-hidden="true"
/>
`;
