// Jest Snapshot v1, https://goo.gl/fbAQLP

exports[`EditUserModal Snapshot renderiza corretamente 1`] = `
<div
  aria-hidden="true"
  data-aria-hidden="true"
/>
`;
